// Jest Snapshot v1, https://goo.gl/fbAQLP

exports[`test dashboard page should render the dashboard component 1`] = `
<DocumentFragment>
  <div
    class="dashboard"
  >
    <h1>
      You are not logged in, Please Sign in first.
    </h1>
  </div>
</DocumentFragment>
`;
