// Jest Snapshot v1, https://goo.gl/fbAQLP

exports[`APP should render the component 1`] = `
<DocumentFragment>
  <div>
    <h1>
      Hello!! Welcome to phantom App.
    </h1>
  </div>
</DocumentFragment>
`;
