// Jest Snapshot v1, https://goo.gl/fbAQLP

exports[`LOGIN should render the login component correctly 1`] = `
<DocumentFragment>
  <div
    class="login"
  >
    <form>
      <p
        id="loading"
        style="color: rgb(255, 255, 255); display: none;"
      >
        loading... 
      </p>
      <h1>
        Log in
      </h1>
      <span
        style="color: rgb(255, 255, 255);"
      >
         
        <br />
      </span>
      <input
        aria-label="email"
        id="email"
        name="email"
        placeholder="Email"
        type="email"
      />
      <br />
      <span
        style="color: rgb(255, 255, 255);"
      />
      <br />
       
      <br />
      <input
        aria-label="password"
        id="password"
        name="password"
        placeholder="Password"
        type="password"
      />
      <br />
      <span
        style="color: rgb(255, 255, 255);"
      />
      <br />
      <br />
      <input
        aria-label="login"
        class="login-btn"
        id="button"
        type="submit"
        value="LOGIN"
      />
      <br />
      <br />
      <a
        href=""
      >
        Forgot Password?
      </a>
      <br />
      <br />
    </form>
  </div>
</DocumentFragment>
`;
