// Jest Snapshot v1, https://goo.gl/fbAQLP

exports[`Navbar should render the component 1`] = `
<DocumentFragment>
  <nav
    class="nav navbar navbar-expand-lg navbar-dark"
  >
    <a
      class="navbar-brand"
      href="#home"
    >
      Phantom
    </a>
    <button
      aria-controls="responsive-navbar-nav"
      aria-label="Toggle navigation"
      class="navbar-toggler collapsed"
      type="button"
    >
      <span
        class="navbar-toggler-icon"
      />
    </button>
    <div
      class="navbar-collapse collapse"
      id="responsive-navbar-nav"
    >
      <div
        class="justify-content-end navbar-nav"
      >
        <div
          class="nav_link nav-item"
        >
          <a
            class="nav-link"
            data-rb-event-key="#"
            href="#"
            role="button"
          >
            Home
          </a>
        </div>
        <div
          class="nav-item"
        >
          <a
            class="nav-link"
            data-rb-event-key="AboutUs"
            href="AboutUs"
          >
            About
          </a>
        </div>
        <div
          class="nav-item"
        >
          <a
            class="nav-link"
            data-rb-event-key="/ContactUs"
            href="/ContactUs"
          >
            Contact
          </a>
        </div>
        <div
          class="nav-item"
        >
          <a
            class="nav-link"
            data-rb-event-key="/login"
            href="/login"
          >
            Login
          </a>
        </div>
      </div>
    </div>
    <form
      class=""
    >
      <select
        class="form-control"
      >
        <option>
          English
        </option>
        <option>
          Francais
        </option>
        <option>
          Kinyarwanda
        </option>
      </select>
    </form>
  </nav>
</DocumentFragment>
`;
