// Jest Snapshot v1, https://goo.gl/fbAQLP

exports[`PatternsCard shoould render the component 1`] = `
<DocumentFragment>
  <div
    class="patterns"
  >
    <p />
  </div>
</DocumentFragment>
`;
