// Jest Snapshot v1, https://goo.gl/fbAQLP

exports[`ShortAbt shoould render the component 1`] = `
<DocumentFragment>
  <div
    class="about"
  >
    <p />
  </div>
</DocumentFragment>
`;
